Microchip MPLAB XC8 Compiler V1.37 ()

Linker command line:

-W-3 --edf=C:\Program Files (x86)\Microchip\xc8\v1.37\dat\en_msgs.txt -cs \
  -h+dist/default/production\Lift.X.production.sym \
  --cmf=dist/default/production\Lift.X.production.cmf -z -Q16F628A \
  -oC:\Users\cosmi\AppData\Local\Temp\s4gs.2 \
  -Mdist/default/production/Lift.X.production.map -E1 -ver=XC8 \
  -ASTACK=0A0h-0efh -pstack=STACK -ACODE=00h-07FFh -ASTRCODE=00h-07FFh \
  -ASTRING=00h-0FFhx8 -ACONST=00h-0FFhx8 -AENTRY=00h-0FFhx8 \
  -ACOMMON=070h-07Fh -ABANK0=020h-06Fh -ABANK1=0A0h-0EFh \
  -ABANK2=0120h-014Fh -ARAM=020h-06Fh,0A0h-0EFh,0120h-014Fh \
  -AABS1=020h-07Fh,0A0h-0EFh,0120h-014Fh -ASFR0=00h-01Fh -ASFR1=080h-09Fh \
  -ASFR2=0100h-011Fh -ASFR3=0180h-01EFh \
  -preset_vec=00h,intentry=04h,init,end_init -ppowerup=CODE -pcinit=CODE \
  -pfunctab=CODE -ACONFIG=02007h-02007h -pconfig=CONFIG -DCONFIG=2 \
  -AIDLOC=02000h-02003h -pidloc=IDLOC -DIDLOC=2 -AEEDATA=00h-07Fh/02100h \
  -peeprom_data=EEDATA -DEEDATA=2 -DCODE=2 -DSTRCODE=2 -DSTRING=2 -DCONST=2 \
  -DENTRY=2 -k C:\Users\cosmi\AppData\Local\Temp\s4gs.obj \
  dist/default/production\Lift.X.production.obj 

Object code version is 3.11

Machine type is 16F628A



                Name                               Link     Load   Length Selector   Space Scale
C:\Users\cosmi\AppData\Local\Temp\s4gs.obj
                end_init                             10       10        1        8       0
                reset_vec                             0        0        1        0       0
dist/default/production\Lift.X.production.obj
                cinit                                11       11        7        8       0
                intentry                              4        4        C        8       0
                text8                               1C7      1C7       14        8       0
                text7                                18       18       BB        8       0
                text6                               183      183       2B        8       0
                text5                               1EC      1EC        A        8       0
                text4                               1AE      1AE       19        8       0
                text3                               1DB      1DB       11        8       0
                text2                               152      152       31        8       0
                text1                               1F6      1F6        9        8       0
                swtext1                             207      207        6      40E       0
                maintext                             D3       D3       7F        8       0
                cstackBANK0                          41       41        C       20       1
                cstackCOMMON                         70       70        E       70       1
                clrtext                             1FF      1FF        8        8       0
                bssBANK0                             20       20       21       20       1
                nvBANK0                              4D       4D        2       20       1

TOTAL           Name                               Link     Load   Length     Space
        CLASS   STACK          

        CLASS   CODE           
                end_init                             10       10        1         0
                cinit                                11       11        7         0
                intentry                              4        4        C         0
                reset_vec                             0        0        1         0
                text8                               1C7      1C7       14         0
                text7                                18       18       BB         0
                text6                               183      183       2B         0
                text5                               1EC      1EC        A         0
                text4                               1AE      1AE       19         0
                text3                               1DB      1DB       11         0
                text2                               152      152       31         0
                text1                               1F6      1F6        9         0
                maintext                             D3       D3       7F         0
                clrtext                             1FF      1FF        8         0

        CLASS   STRCODE        

        CLASS   STRING         

        CLASS   CONST          
                swtext1                             207      207        6         0

        CLASS   ENTRY          

        CLASS   COMMON         
                cstackCOMMON                         70       70        E         1

        CLASS   BANK0          
                cstackBANK0                          41       41        C         1
                bssBANK0                             20       20       21         1
                nvBANK0                              4D       4D        2         1

        CLASS   BANK1          

        CLASS   BANK2          

        CLASS   RAM            

        CLASS   ABS1           
                abs_s1                               7E       7E        2         1

        CLASS   SFR0           

        CLASS   SFR1           

        CLASS   SFR2           

        CLASS   SFR3           

        CLASS   CONFIG         

        CLASS   IDLOC          

        CLASS   EEDATA         

        CLASS   BANK3          



SEGMENTS        Name                           Load    Length   Top    Selector   Space  Class     Delta

                reset_vec                      000000  000001  000001         0       0  CODE        2
                intentry                       000004  000203  000207         8       0  CODE        2
                bssBANK0                       000020  00002F  00004F        20       1  BANK0       1
                cstackCOMMON                   000070  00000E  00007E        70       1  COMMON      1
                swtext1                        000207  000006  00020D       40E       0  CONST       2


UNUSED ADDRESS RANGES

        Name                Unused          Largest block    Delta
        BANK0            04F-06F            21           1
        BANK1            0A0-0EF            50           1
        BANK2            120-14F            30           1
        CODE             001-003             3           2
                         20D-7FF           5F3
        CONFIG           2007-2007             1           2
        CONST            001-003             3           2
                         20D-7FF           100
        EEDATA           2100-217F            80           2
        ENTRY            001-003             3           2
                         20D-7FF           100
        IDLOC            2000-2003             4           2
        RAM              04F-06F            21           1
                         0A0-0EF            50
                         120-14F            30
        SFR0             000-01F            20           1
        SFR1             080-09F            20           1
        SFR2             100-11F            20           1
        SFR3             180-1EF            70           1
        STACK            0A0-0EF            50           1
        STRCODE          001-003             3           2
                         20D-7FF           5F3
        STRING           001-003             3           2
                         20D-7FF           100

                                  Symbol Table

DebounceInput@currentState cstackCOMMON 071
DebounceInput@input        cstackCOMMON 073
DebounceInput@tempState    cstackCOMMON 070
SetLeds@leds               cstackBANK0  043
_Debounce                  text7        018
_DebounceInput             text8        1C7
_InitPorts                 text4        1AE
_InitTimer                 text3        1DB
_MainInterrupt             text6        183
_PIE1bits                  (abs)        08C
_PIR1                      (abs)        00C
_PIR1bits                  (abs)        00C
_PORTAbits                 (abs)        005
_PORTBbits                 (abs)        006
_SetLeds                   text2        152
_T1CON                     (abs)        010
_T1CONbits                 (abs)        010
_TMR1                      (abs)        00E
_TRISA                     (abs)        085
_TRISAbits                 (abs)        085
_TRISB                     (abs)        086
_TRISBbits                 (abs)        086
_TurnOnButtons             text5        1EC
_TurnOnLeds                text1        1F6
__Habs1                    abs1         000
__Hbank0                   bank0        000
__Hbank1                   bank1        000
__Hbank2                   bank2        000
__Hbank3                   bank3        000
__HbssBANK0                bssBANK0     000
__Hcinit                   cinit        018
__Hclrtext                 clrtext      000
__Hcode                    code         000
__Hcommon                  common       000
__Hconfig                  config       000
__HcstackBANK0             cstackBANK0  000
__HcstackCOMMON            cstackCOMMON 000
__Heeprom_data             eeprom_data  000
__Hend_init                end_init     011
__Hfunctab                 functab      000
__Hidloc                   idloc        000
__Hinit                    init         010
__Hintentry                intentry     010
__Hmaintext                maintext     000
__HnvBANK0                 nvBANK0      000
__Hpowerup                 powerup      000
__Hram                     ram          000
__Hreset_vec               reset_vec    001
__Hsfr0                    sfr0         000
__Hsfr1                    sfr1         000
__Hsfr2                    sfr2         000
__Hsfr3                    sfr3         000
__Hspace_0                 (abs)        20D
__Hspace_1                 (abs)        07E
__Hspace_2                 (abs)        000
__Hspace_3                 (abs)        000
__Hstack                   stack        000
__Hstrings                 strings      000
__Htext                    text         000
__Labs1                    abs1         000
__Lbank0                   bank0        000
__Lbank1                   bank1        000
__Lbank2                   bank2        000
__Lbank3                   bank3        000
__LbssBANK0                bssBANK0     000
__Lcinit                   cinit        011
__Lclrtext                 clrtext      000
__Lcode                    code         000
__Lcommon                  common       000
__Lconfig                  config       000
__LcstackBANK0             cstackBANK0  000
__LcstackCOMMON            cstackCOMMON 000
__Leeprom_data             eeprom_data  000
__Lend_init                end_init     010
__Lfunctab                 functab      000
__Lidloc                   idloc        000
__Linit                    init         010
__Lintentry                intentry     004
__Lmaintext                maintext     000
__LnvBANK0                 nvBANK0      000
__Lpowerup                 powerup      000
__Lram                     ram          000
__Lreset_vec               reset_vec    000
__Lsfr0                    sfr0         000
__Lsfr1                    sfr1         000
__Lsfr2                    sfr2         000
__Lsfr3                    sfr3         000
__Lspace_0                 (abs)        000
__Lspace_1                 (abs)        000
__Lspace_2                 (abs)        000
__Lspace_3                 (abs)        000
__Lstack                   stack        000
__Lstrings                 strings      000
__Ltext                    text         000
__S0                       (abs)        20D
__S1                       (abs)        07E
__S2                       (abs)        000
__S3                       (abs)        000
___int_sp                  stack        000
___latbits                 (abs)        000
___sp                      stack        000
__end_of_Debounce          text7        0D3
__end_of_DebounceInput     text8        1DB
__end_of_InitPorts         text4        1C7
__end_of_InitTimer         text3        1EC
__end_of_MainInterrupt     text6        1AE
__end_of_SetLeds           text2        183
__end_of_TurnOnButtons     text5        1F6
__end_of_TurnOnLeds        text1        1FF
__end_of__initialization   cinit        016
__end_of_main              maintext     152
__initialization           cinit        011
__pbssBANK0                bssBANK0     020
__pcstackBANK0             cstackBANK0  041
__pcstackCOMMON            cstackCOMMON 070
__pintentry                intentry     004
__pmaintext                maintext     0D3
__pnvBANK0                 nvBANK0      04D
__pswtext1                 swtext1      207
__ptext1                   text1        1F6
__ptext2                   text2        152
__ptext3                   text3        1DB
__ptext4                   text4        1AE
__ptext5                   text5        1EC
__ptext6                   text6        183
__ptext7                   text7        018
__ptext8                   text8        1C7
__size_of_Debounce         (abs)        000
__size_of_DebounceInput    (abs)        000
__size_of_InitPorts        (abs)        000
__size_of_InitTimer        (abs)        000
__size_of_MainInterrupt    (abs)        000
__size_of_SetLeds          (abs)        000
__size_of_TurnOnButtons    (abs)        000
__size_of_TurnOnLeds       (abs)        000
__size_of_main             (abs)        000
_buttonMode                nvBANK0      04D
_buttonPressed             bssBANK0     037
_inputs                    bssBANK0     02A
_main                      maintext     0D3
_msPassed                  bssBANK0     033
_readCurrentState          nvBANK0      04E
_tempInput                 bssBANK0     038
_waiting                   bssBANK0     035
btemp                      (abs)        07E
clear_ram0                 clrtext      1FF
end_of_initialization      cinit        016
interrupt_function         intentry     004
intlevel0                  functab      000
intlevel1                  functab      000
intlevel2                  functab      000
intlevel3                  functab      000
intlevel4                  functab      000
intlevel5                  functab      000
ltemp                      (abs)        07E
ltemp0                     (abs)        07E
ltemp1                     (abs)        082
ltemp2                     (abs)        086
ltemp3                     (abs)        080
main@currentLevel          cstackBANK0  04B
main@emergencyStop         cstackBANK0  049
main@mainState             cstackBANK0  04C
main@movingDirection       cstackBANK0  04A
reset_vec                  reset_vec    000
saved_w                    (abs)        07E
stackhi                    (abs)        000
stacklo                    (abs)        000
start                      init         010
start_initialization       cinit        011
ttemp                      (abs)        07E
ttemp0                     (abs)        07E
ttemp1                     (abs)        081
ttemp2                     (abs)        084
ttemp3                     (abs)        087
ttemp4                     (abs)        07F
wtemp                      (abs)        07E
wtemp0                     (abs)        07E
wtemp1                     (abs)        080
wtemp2                     (abs)        082
wtemp3                     (abs)        084
wtemp4                     (abs)        086
wtemp5                     (abs)        088
wtemp6                     (abs)        07F


FUNCTION INFORMATION:

 *************** function _main *****************
 Defined at:
		line 29 in file "main.c"
 Parameters:    Size  Location     Type
  argc            2    3[BANK0 ] int 
  argv            2    5[BANK0 ] PTR PTR unsigned char 
 Auto vars:     Size  Location     Type
  mainState       1   11[BANK0 ] unsigned char 
  currentLevel    1   10[BANK0 ] unsigned char 
  movingDirect    1    9[BANK0 ] unsigned char 
  emergencySto    1    8[BANK0 ] unsigned char 
 Return value:  Size  Location     Type
                  2    3[BANK0 ] int 
 Registers used:
		wreg, fsr0l, fsr0h, status,2, status,0, pclath, cstack
 Tracked objects:
		On entry : 
		On exit  : 
		Unchanged: 
 Data sizes:     COMMON   BANK0   BANK1   BANK2
      Params:         0       4       0       0
      Locals:         0       4       0       0
      Temps:          0       1       0       0
      Totals:         0       9       0       0
Total ram usage:        9 bytes
 Hardware stack levels required when called:    5
 This function calls:
		_InitPorts
		_InitTimer
		_SetLeds
		_TurnOnButtons
		_TurnOnLeds
 This function is called by:
		Startup code after reset
 This function uses a non-reentrant model


 *************** function _TurnOnLeds *****************
 Defined at:
		line 47 in file "ports.c"
 Parameters:    Size  Location     Type
		None
 Auto vars:     Size  Location     Type
		None
 Return value:  Size  Location     Type
                  1    wreg      void 
 Registers used:
		status,2
 Tracked objects:
		On entry : 
		On exit  : 
		Unchanged: 
 Data sizes:     COMMON   BANK0   BANK1   BANK2
      Params:         0       0       0       0
      Locals:         0       0       0       0
      Temps:          0       0       0       0
      Totals:         0       0       0       0
Total ram usage:        0 bytes
 Hardware stack levels used:    1
 Hardware stack levels required when called:    3
 This function calls:
		Nothing
 This function is called by:
		_main
 This function uses a non-reentrant model


 *************** function _SetLeds *****************
 Defined at:
		line 56 in file "ports.c"
 Parameters:    Size  Location     Type
  leds            1    wreg     unsigned char 
 Auto vars:     Size  Location     Type
  leds            1    2[BANK0 ] unsigned char 
 Return value:  Size  Location     Type
                  1    wreg      void 
 Registers used:
		wreg, status,2, status,0
 Tracked objects:
		On entry : 
		On exit  : 
		Unchanged: 
 Data sizes:     COMMON   BANK0   BANK1   BANK2
      Params:         0       0       0       0
      Locals:         0       1       0       0
      Temps:          0       2       0       0
      Totals:         0       3       0       0
Total ram usage:        3 bytes
 Hardware stack levels used:    1
 Hardware stack levels required when called:    3
 This function calls:
		Nothing
 This function is called by:
		_main
 This function uses a non-reentrant model


 *************** function _InitTimer *****************
 Defined at:
		line 8 in file "timer.c"
 Parameters:    Size  Location     Type
		None
 Auto vars:     Size  Location     Type
		None
 Return value:  Size  Location     Type
                  1    wreg      void 
 Registers used:
		wreg, status,2, status,0
 Tracked objects:
		On entry : 
		On exit  : 
		Unchanged: 
 Data sizes:     COMMON   BANK0   BANK1   BANK2
      Params:         0       0       0       0
      Locals:         0       0       0       0
      Temps:          0       0       0       0
      Totals:         0       0       0       0
Total ram usage:        0 bytes
 Hardware stack levels used:    1
 Hardware stack levels required when called:    3
 This function calls:
		Nothing
 This function is called by:
		_main
 This function uses a non-reentrant model


 *************** function _InitPorts *****************
 Defined at:
		line 13 in file "ports.c"
 Parameters:    Size  Location     Type
		None
 Auto vars:     Size  Location     Type
		None
 Return value:  Size  Location     Type
                  1    wreg      void 
 Registers used:
		wreg, status,2, status,0, pclath, cstack
 Tracked objects:
		On entry : 
		On exit  : 
		Unchanged: 
 Data sizes:     COMMON   BANK0   BANK1   BANK2
      Params:         0       0       0       0
      Locals:         0       0       0       0
      Temps:          0       0       0       0
      Totals:         0       0       0       0
Total ram usage:        0 bytes
 Hardware stack levels used:    1
 Hardware stack levels required when called:    4
 This function calls:
		_TurnOnButtons
 This function is called by:
		_main
 This function uses a non-reentrant model


 *************** function _TurnOnButtons *****************
 Defined at:
		line 38 in file "ports.c"
 Parameters:    Size  Location     Type
		None
 Auto vars:     Size  Location     Type
		None
 Return value:  Size  Location     Type
                  1    wreg      void 
 Registers used:
		None
 Tracked objects:
		On entry : 
		On exit  : 
		Unchanged: 
 Data sizes:     COMMON   BANK0   BANK1   BANK2
      Params:         0       0       0       0
      Locals:         0       0       0       0
      Temps:          0       0       0       0
      Totals:         0       0       0       0
Total ram usage:        0 bytes
 Hardware stack levels used:    1
 Hardware stack levels required when called:    3
 This function calls:
		Nothing
 This function is called by:
		_main
		_InitPorts
 This function uses a non-reentrant model


 *************** function _MainInterrupt *****************
 Defined at:
		line 175 in file "main.c"
 Parameters:    Size  Location     Type
		None
 Auto vars:     Size  Location     Type
		None
 Return value:  Size  Location     Type
                  1    wreg      void 
 Registers used:
		wreg, fsr0l, fsr0h, status,2, status,0, pclath, cstack
 Tracked objects:
		On entry : 
		On exit  : 
		Unchanged: 
 Data sizes:     COMMON   BANK0   BANK1   BANK2
      Params:         0       0       0       0
      Locals:         0       0       0       0
      Temps:          6       0       0       0
      Totals:         6       0       0       0
Total ram usage:        6 bytes
 Hardware stack levels used:    1
 Hardware stack levels required when called:    2
 This function calls:
		_Debounce
 This function is called by:
		Interrupt level 1
 This function uses a non-reentrant model


 *************** function _Debounce *****************
 Defined at:
		line 153 in file "main.c"
 Parameters:    Size  Location     Type
		None
 Auto vars:     Size  Location     Type
		None
 Return value:  Size  Location     Type
                  1    wreg      void 
 Registers used:
		wreg, fsr0l, fsr0h, status,2, status,0, pclath, cstack
 Tracked objects:
		On entry : 
		On exit  : 
		Unchanged: 
 Data sizes:     COMMON   BANK0   BANK1   BANK2
      Params:         0       0       0       0
      Locals:         0       0       0       0
      Temps:          4       0       0       0
      Totals:         4       0       0       0
Total ram usage:        4 bytes
 Hardware stack levels used:    1
 Hardware stack levels required when called:    1
 This function calls:
		_DebounceInput
 This function is called by:
		_MainInterrupt
 This function uses a non-reentrant model


 *************** function _DebounceInput *****************
 Defined at:
		line 63 in file "ports.c"
 Parameters:    Size  Location     Type
  input           1    wreg     unsigned char 
  tempState       1    0[COMMON] PTR unsigned char 
		 -> tempInput(9), 
  currentState    1    1[COMMON] unsigned char 
 Auto vars:     Size  Location     Type
  input           1    3[COMMON] unsigned char 
 Return value:  Size  Location     Type
                  1    wreg      unsigned char 
 Registers used:
		wreg, fsr0l, fsr0h, status,2, status,0
 Tracked objects:
		On entry : 
		On exit  : 
		Unchanged: 
 Data sizes:     COMMON   BANK0   BANK1   BANK2
      Params:         2       0       0       0
      Locals:         1       0       0       0
      Temps:          1       0       0       0
      Totals:         4       0       0       0
Total ram usage:        4 bytes
 Hardware stack levels used:    1
 This function calls:
		Nothing
 This function is called by:
		_Debounce
 This function uses a non-reentrant model



MODULE INFORMATION

Module		Function		Class		Link	Load	Size
ports.c
		_InitPorts     		CODE           	01AE	0000	26
		_SetLeds       		CODE           	0152	0000	50
		_TurnOnLeds    		CODE           	01F6	0000	10
		_TurnOnButtons 		CODE           	01EC	0000	11
		_DebounceInput 		CODE           	01C7	0000	21

ports.c estimated size: 118

timer.c
		_InitTimer     		CODE           	01DB	0000	18

timer.c estimated size: 18

shared
		__initialization		CODE           	0011	0000	6

shared estimated size: 6

main.c
		_main          		CODE           	00D3	0000	128
		_MainInterrupt 		CODE           	0183	0000	44
		_Debounce      		CODE           	0018	0000	188

main.c estimated size: 360

